// Jest Snapshot v1, https://goo.gl/fbAQLP

exports[`/api/crawlers/swagger.json swagger should match snapshot 1`] = `
{
  "definitions": {
    "CrawlerMeta": {
      "description": "Crawler's metadata",
      "properties": {
        "description": {
          "description": "Description of the crawler",
          "type": "string",
        },
        "title": {
          "description": "Title of the crawler",
          "type": "string",
        },
        "url": {
          "description": "Target website of the crawler",
          "type": "string",
        },
      },
      "type": "object",
    },
    "Error": {
      "properties": {
        "error": {
          "description": "true",
          "type": "boolean",
        },
        "message": {
          "type": "string",
        },
      },
      "type": "object",
    },
    "Ok": {
      "properties": {
        "data": {
          "$ref": "#/definitions/UserState",
        },
        "error": {
          "description": "false",
          "type": "boolean",
        },
      },
      "type": "object",
    },
    "UserState": {
      "description": "User performance",
      "properties": {
        "solved": {
          "format": "int64",
          "type": "integer",
        },
        "solvedList": {
          "description": "A list which contains the problem the user passes. For non-virtual judge, only problem id is included. If the crawler targets a virtual judge, each problem follows the format of \`crawlerName-problemId\`",
          "items": {
            "type": "string",
          },
          "type": "array",
        },
        "submissions": {
          "format": "int64",
          "type": "integer",
        },
        "submissionsByCrawlerName": {
          "additionalProperties": {
            "type": "number",
          },
          "default": null,
          "description": "If the crawler is virtual_judge, this field contains its submission count divided by crawler name.",
          "type": "object",
        },
      },
      "type": "object",
    },
  },
  "externalDocs": {
    "description": "Other documents",
    "url": "https://github.com/Liu233w/acm-statistics/blob/master/crawler-api-backend/README.md",
  },
  "info": {
    "description": "A crawler microservice that allows users to invoke all crawlers supported by the website. All crawlers run on server.",
    "title": "crawler-api-backend",
    "version": "1.0.0",
  },
  "paths": {
    "/api/crawlers/": {
      "get": {
        "consumes": [
          "application/json",
        ],
        "description": "",
        "produces": [
          "application/json",
        ],
        "responses": {
          "200": {
            "description": "success",
            "schema": {
              "properties": {
                "data": {
                  "additionalProperties": {
                    "$ref": "#/definitions/CrawlerMeta",
                  },
                  "description": "name of the crawler",
                  "type": "object",
                },
                "error": {
                  "description": "false",
                  "type": "boolean",
                },
              },
              "type": "object",
            },
          },
        },
        "summary": "Return all supported OJs",
      },
    },
    "/api/crawlers/{type}/{username}": {
      "get": {
        "consumes": [
          "application/json",
        ],
        "parameters": [
          {
            "description": "Type of the OJ. Only the type defined in \`/crawler/config.yml\` are included.",
            "in": "path",
            "name": "type",
            "required": true,
            "type": "string",
          },
          {
            "in": "path",
            "name": "username",
            "required": true,
            "type": "string",
          },
        ],
        "produces": [
          "application/json",
        ],
        "responses": {
          "200": {
            "description": "successful",
            "schema": {
              "$ref": "#/definitions/Ok",
            },
          },
          "400": {
            "description": "all other failures",
            "schema": {
              "$ref": "#/definitions/Error",
            },
          },
        },
        "summary": "Query the performance of a user on certain OJ",
      },
    },
  },
  "swagger": "2.0",
}
`;
